
IEEE 695 OMF Linker Version 6.25 (19073001)
Copyright (C) 1999-2008 Zilog, Inc. All Rights Reserved

LINK MAP:

DATE:      Wed Mar 01 16:39:41 2023
PROCESSOR: assembler
FILES:     .\init.obj             .\main.obj             .\vdp.obj              
           .\mos-interface.obj
           .\assemble.obj         .\filestack.obj        .\globals.obj          
           .\hash.obj             
           .\instruction.obj
           .\label.obj            .\listing.obj          .\str2num.obj          
           .\utils.obj            
           C:\ZiLOG\ZDSII_eZ80Acclaim!_5.3.4\lib\std\chelpD.lib
           C:\ZiLOG\ZDSII_eZ80Acclaim!_5.3.4\lib\std\crtD.lib
           C:\ZiLOG\ZDSII_eZ80Acclaim!_5.3.4\lib\std\crtSD.lib
           C:\ZiLOG\ZDSII_eZ80Acclaim!_5.3.4\lib\std\nokernelD.lib
           C:\ZiLOG\ZDSII_eZ80Acclaim!_5.3.4\lib\zilog\zsldevinitdummy.obj
           


COMMAND LIST:
=============
-FORMAT=OMF695,INTEL32
-map -maxhexlen=64 -quiet -warnoverlap -xref -unresolved=fatal
-sort NAME=ascending -warn -debug -NOigcase


RANGE ROM $000000 : $01FFFF
RANGE RAM $040000 : $0BFFFF
RANGE EXTIO $000000 : $00FFFF
RANGE INTIO $000000 : $0000FF

CHANGE CODE = RAM
CHANGE STRSECT = RAM
CHANGE DATA = RAM 

ORDER CODE,DATA

DEFINE __low_bss = base of BSS
DEFINE __len_bss = length of BSS

 "ez80asm"=  ".\init.obj",  ".\main.obj",  ".\vdp.obj",  ".\mos-interface.obj",  ".\assemble.obj",  ".\filestack.obj",  ".\globals.obj",  ".\hash.obj",  ".\instruction.obj",  ".\label.obj",  ".\listing.obj",  ".\str2num.obj",  ".\utils.obj",  "C:\ZiLOG\ZDSII_eZ80Acclaim!_5.3.4\lib\std\chelpD.lib",  "C:\ZiLOG\ZDSII_eZ80Acclaim!_5.3.4\lib\std\crtD.lib",  "C:\ZiLOG\ZDSII_eZ80Acclaim!_5.3.4\lib\std\crtSD.lib",  "C:\ZiLOG\ZDSII_eZ80Acclaim!_5.3.4\lib\std\nokernelD.lib",  "C:\ZiLOG\ZDSII_eZ80Acclaim!_5.3.4\lib\zilog\zsldevinitdummy.obj"


SPACE ALLOCATION:
=================

Space                     Base         Top      Size      Used    Unused
------------------ ----------- ----------- --------- --------- ---------
RAM                   D:040000    D:06FC69    80000H    2FC6AH    50396H
                                          (   524288    195690    328598)


SEGMENTS WITHIN SPACE:
======================

RAM                               Type        Base         Top      Size
------------------ ------------------- ----------- ----------- ---------
BSS                normal data            D:0484BA    D:06FC69    277b0h
CODE               normal data            D:040000    D:0463F7     63f8h
DATA               normal data            D:0463F8    D:047F72     1b7bh
STRSECT            normal data            D:047F73    D:0484B9      547h

SEGMENTS WITHIN MODULES:
========================

Module: ..\assemble.c (File: assemble.obj) Version: 1:0 03/01/2023 16:39:40

    Name                                           Base         Top      Size
    --------------------------------------- ----------- ----------- ---------
    Segment: CODE                              D:040442    D:042CF7     28b6h
    Segment: STRSECT                           D:047FB0    D:047FE2       33h


Module: ..\filestack.c (File: filestack.obj) Version: 1:0 03/01/2023 16:39:40

    Name                                           Base         Top      Size
    --------------------------------------- ----------- ----------- ---------
    Segment: BSS                               D:0484BA    D:0485C6      10dh
    Segment: CODE                              D:042CF8    D:042E24      12dh


Module: ..\globals.c (File: globals.obj) Version: 1:0 03/01/2023 16:39:40

    Name                                           Base         Top      Size
    --------------------------------------- ----------- ----------- ---------
    Segment: BSS                               D:0485C7    D:048888      2c2h
    Segment: DATA                              D:046442    D:0464BC       7bh
    Segment: STRSECT                           D:047FE3    D:048417      435h


Module: ..\hash.c (File: hash.obj) Version: 1:0 03/01/2023 16:39:40

    Name                                           Base         Top      Size
    --------------------------------------- ----------- ----------- ---------
    Segment: CODE                              D:042E25    D:042E72       4eh


Module: ..\instruction.c (File: instruction.obj) Version: 1:0 03/01/2023 16:39:40

    Name                                           Base         Top      Size
    --------------------------------------- ----------- ----------- ---------
    Segment: CODE                              D:042E73    D:04380C      99ah
    Segment: DATA                              D:0464BD    D:047EC4     1a08h


Module: ..\label.c (File: label.obj) Version: 1:0 03/01/2023 16:39:40

    Name                                           Base         Top      Size
    --------------------------------------- ----------- ----------- ---------
    Segment: BSS                               D:048889    D:06FA1E    27196h
    Segment: CODE                              D:04380D    D:044243      a37h
    Segment: STRSECT                           D:048418    D:04845D       46h


Module: ..\listing.c (File: listing.obj) Version: 1:0 03/01/2023 16:39:40

    Name                                           Base         Top      Size
    --------------------------------------- ----------- ----------- ---------
    Segment: BSS                               D:06FA1F    D:06FC42      224h
    Segment: CODE                              D:044244    D:04460B      3c8h
    Segment: DATA                              D:047EC5    D:047EEF       2bh
    Segment: STRSECT                           D:04845E    D:048477       1ah


Module: ..\main.c (File: main.obj) Version: 1:0 03/01/2023 16:39:39

    Name                                           Base         Top      Size
    --------------------------------------- ----------- ----------- ---------
    Segment: CODE                              D:0400DC    D:0401F0      115h
    Segment: STRSECT                           D:047F73    D:047FAF       3dh


Module: ..\src\boot\common\zsldevinitdummy.asm (File: zsldevinitdummy.obj) Version: 1:0 10/11/2019 10:10:12

    Name                                           Base         Top      Size
    --------------------------------------- ----------- ----------- ---------
    Segment: CODE                              D:04570F    D:04570F        1h


Module: ..\str2num.c (File: str2num.obj) Version: 1:0 03/01/2023 16:39:41

    Name                                           Base         Top      Size
    --------------------------------------- ----------- ----------- ---------
    Segment: BSS                               D:06FC43    D:06FC43        1h
    Segment: CODE                              D:04460C    D:044B21      516h


Module: ..\utils.c (File: utils.obj) Version: 1:0 03/01/2023 16:39:41

    Name                                           Base         Top      Size
    --------------------------------------- ----------- ----------- ---------
    Segment: CODE                              D:044B22    D:04570E      bedh
    Segment: STRSECT                           D:048478    D:0484B9       42h


Module: ..\vdp.c (File: vdp.obj) Version: 1:0 03/01/2023 16:39:39

    Name                                           Base         Top      Size
    --------------------------------------- ----------- ----------- ---------
    Segment: CODE                              D:0401F1    D:040340      150h


Module: .\rtl\common\abs.c (Library: crtD.lib) Version: 1:0 10/11/2019 10:08:34

    Name                                           Base         Top      Size
    --------------------------------------- ----------- ----------- ---------
    Segment: CODE                              D:0459ED    D:045A15       29h


Module: .\rtl\common\bstiy.asm (Library: chelpD.lib) Version: 1:0 10/11/2019 10:09:30

    Name                                           Base         Top      Size
    --------------------------------------- ----------- ----------- ---------
    Segment: CODE                              D:0463EC    D:0463F7        ch


Module: .\rtl\common\case8D.asm (Library: chelpD.lib) Version: 1:0 10/11/2019 10:09:35

    Name                                           Base         Top      Size
    --------------------------------------- ----------- ----------- ---------
    Segment: CODE                              D:0460B7    D:0460F0       3ah


Module: .\rtl\common\iand.asm (Library: chelpD.lib) Version: 1:0 10/11/2019 10:09:30

    Name                                           Base         Top      Size
    --------------------------------------- ----------- ----------- ---------
    Segment: CODE                              D:046142    D:04615C       1bh


Module: .\rtl\common\icmpzero.asm (Library: chelpD.lib) Version: 1:0 10/11/2019 10:09:34

    Name                                           Base         Top      Size
    --------------------------------------- ----------- ----------- ---------
    Segment: CODE                              D:045DC5    D:045DD0        ch


Module: .\rtl\common\idivs.asm (Library: chelpD.lib) Version: 1:0 10/11/2019 10:09:30

    Name                                           Base         Top      Size
    --------------------------------------- ----------- ----------- ---------
    Segment: CODE                              D:046052    D:04608A       39h


Module: .\rtl\common\idivu.asm (Library: chelpD.lib) Version: 1:0 10/11/2019 10:09:30

    Name                                           Base         Top      Size
    --------------------------------------- ----------- ----------- ---------
    Segment: CODE                              D:045A75    D:045A95       21h


Module: .\rtl\common\imulu.asm (Library: chelpD.lib) Version: 1:0 10/11/2019 10:09:30

    Name                                           Base         Top      Size
    --------------------------------------- ----------- ----------- ---------
    Segment: CODE                              D:0463A4    D:0463EB       48h


Module: .\rtl\common\indcall.asm (Library: chelpD.lib) Version: 1:0 10/11/2019 10:09:30

    Name                                           Base         Top      Size
    --------------------------------------- ----------- ----------- ---------
    Segment: CODE                              D:046107    D:046108        2h


Module: .\rtl\common\ineg.asm (Library: chelpD.lib) Version: 1:0 10/11/2019 10:09:30

    Name                                           Base         Top      Size
    --------------------------------------- ----------- ----------- ---------
    Segment: CODE                              D:04572F    D:045737        9h


Module: .\rtl\common\inot.asm (Library: chelpD.lib) Version: 1:0 10/11/2019 10:09:30

    Name                                           Base         Top      Size
    --------------------------------------- ----------- ----------- ---------
    Segment: CODE                              D:045988    D:045991        ah


Module: .\rtl\common\ior.asm (Library: chelpD.lib) Version: 1:0 10/11/2019 10:09:30

    Name                                           Base         Top      Size
    --------------------------------------- ----------- ----------- ---------
    Segment: CODE                              D:0459AF    D:0459C9       1bh


Module: .\rtl\common\irems.asm (Library: chelpD.lib) Version: 1:0 10/11/2019 10:09:31

    Name                                           Base         Top      Size
    --------------------------------------- ----------- ----------- ---------
    Segment: CODE                              D:045747    D:04577E       38h


Module: .\rtl\common\iremu.asm (Library: chelpD.lib) Version: 1:0 10/11/2019 10:09:31

    Name                                           Base         Top      Size
    --------------------------------------- ----------- ----------- ---------
    Segment: CODE                              D:045814    D:04581C        9h


Module: .\rtl\common\isdigit.c (Library: crtD.lib) Version: 1:0 10/11/2019 10:08:36

    Name                                           Base         Top      Size
    --------------------------------------- ----------- ----------- ---------
    Segment: CODE                              D:045DD1    D:045DF9       29h


Module: .\rtl\common\ishl.asm (Library: chelpD.lib) Version: 1:0 10/11/2019 10:09:31

    Name                                           Base         Top      Size
    --------------------------------------- ----------- ----------- ---------
    Segment: CODE                              D:046123    D:046134       12h


Module: .\rtl\common\ishrs.asm (Library: chelpD.lib) Version: 1:0 10/11/2019 10:09:31

    Name                                           Base         Top      Size
    --------------------------------------- ----------- ----------- ---------
    Segment: CODE                              D:04577F    D:0457A3       25h


Module: .\rtl\common\ishru.asm (Library: chelpD.lib) Version: 1:0 10/11/2019 10:09:31

    Name                                           Base         Top      Size
    --------------------------------------- ----------- ----------- ---------
    Segment: CODE                              D:04608B    D:0460AF       25h


Module: .\rtl\common\isspace.c (Library: crtD.lib) Version: 1:0 10/11/2019 10:08:38

    Name                                           Base         Top      Size
    --------------------------------------- ----------- ----------- ---------
    Segment: CODE                              D:045DFA    D:045E22       29h


Module: .\rtl\common\istiy.asm (Library: chelpD.lib) Version: 1:0 10/11/2019 10:09:31

    Name                                           Base         Top      Size
    --------------------------------------- ----------- ----------- ---------
    Segment: CODE                              D:045808    D:045813        ch


Module: .\rtl\common\isupper.c (Library: crtD.lib) Version: 1:0 10/11/2019 10:08:38

    Name                                           Base         Top      Size
    --------------------------------------- ----------- ----------- ---------
    Segment: CODE                              D:04619F    D:0461C7       29h


Module: .\rtl\common\isxdigit.c (Library: crtD.lib) Version: 1:0 10/11/2019 10:08:38

    Name                                           Base         Top      Size
    --------------------------------------- ----------- ----------- ---------
    Segment: CODE                              D:0457DF    D:045807       29h


Module: .\rtl\common\itol.asm (Library: chelpD.lib) Version: 1:0 10/11/2019 10:09:31

    Name                                           Base         Top      Size
    --------------------------------------- ----------- ----------- ---------
    Segment: CODE                              D:0460B0    D:0460B6        7h


Module: .\rtl\common\lcmpu.asm (Library: chelpD.lib) Version: 1:0 10/11/2019 10:09:31

    Name                                           Base         Top      Size
    --------------------------------------- ----------- ----------- ---------
    Segment: CODE                              D:0460F1    D:046106       16h


Module: .\rtl\common\lcmpzero.asm (Library: chelpD.lib) Version: 1:0 10/11/2019 10:09:34

    Name                                           Base         Top      Size
    --------------------------------------- ----------- ----------- ---------
    Segment: CODE                              D:045D59    D:045D6C       14h


Module: .\rtl\common\ldivu.asm (Library: chelpD.lib) Version: 1:0 10/11/2019 10:09:31

    Name                                           Base         Top      Size
    --------------------------------------- ----------- ----------- ---------
    Segment: CODE                              D:045D6D    D:045DA2       36h


Module: .\rtl\common\lneg.asm (Library: chelpD.lib) Version: 1:0 10/11/2019 10:09:31

    Name                                           Base         Top      Size
    --------------------------------------- ----------- ----------- ---------
    Segment: CODE                              D:045D4C    D:045D58        dh


Module: .\rtl\common\lremu.asm (Library: chelpD.lib) Version: 1:0 10/11/2019 10:09:32

    Name                                           Base         Top      Size
    --------------------------------------- ----------- ----------- ---------
    Segment: CODE                              D:04615D    D:04616C       10h


Module: .\rtl\common\lshru.asm (Library: chelpD.lib) Version: 1:0 10/11/2019 10:09:32

    Name                                           Base         Top      Size
    --------------------------------------- ----------- ----------- ---------
    Segment: CODE                              D:045DA3    D:045DC4       22h


Module: .\rtl\common\maptab.c (Library: crtD.lib) Version: 1:0 10/11/2019 10:08:39

    Name                                           Base         Top      Size
    --------------------------------------- ----------- ----------- ---------
    Segment: DATA                              D:047EF3    D:047F72       80h


Module: .\rtl\common\print_globals.c (Library: crtSD.lib) Version: 1:0 10/11/2019 10:09:01

    Name                                           Base         Top      Size
    --------------------------------------- ----------- ----------- ---------
    Segment: BSS                               D:06FC44    D:06FC69       26h
    Segment: DATA                              D:047EF0    D:047EF2        3h


Module: .\rtl\common\print_putch.c (Library: crtSD.lib) Version: 1:0 10/11/2019 10:09:01

    Name                                           Base         Top      Size
    --------------------------------------- ----------- ----------- ---------
    Segment: CODE                              D:0461C8    D:0461E5       1eh


Module: .\rtl\common\print_putstring.c (Library: crtSD.lib) Version: 1:0 10/11/2019 10:09:01

    Name                                           Base         Top      Size
    --------------------------------------- ----------- ----------- ---------
    Segment: CODE                              D:04581D    D:045987      16bh


Module: .\rtl\common\print_send.c (Library: crtSD.lib) Version: 1:0 10/11/2019 10:09:02

    Name                                           Base         Top      Size
    --------------------------------------- ----------- ----------- ---------
    Segment: CODE                              D:045E23    D:045FDA      1b8h


Module: .\rtl\common\print_sputch.c (Library: crtSD.lib) Version: 1:0 10/11/2019 10:09:01

    Name                                           Base         Top      Size
    --------------------------------------- ----------- ----------- ---------
    Segment: CODE                              D:045A16    D:045A40       2bh


Module: .\rtl\common\print_uputch.c (Library: crtSD.lib) Version: 1:0 10/11/2019 10:09:01

    Name                                           Base         Top      Size
    --------------------------------------- ----------- ----------- ---------
    Segment: CODE                              D:0459D0    D:0459EC       1dh


Module: .\rtl\common\scmpzero.asm (Library: chelpD.lib) Version: 1:0 10/11/2019 10:09:34

    Name                                           Base         Top      Size
    --------------------------------------- ----------- ----------- ---------
    Segment: CODE                              D:046135    D:046141        dh


Module: .\rtl\common\seqcaseD.asm (Library: chelpD.lib) Version: 1:0 10/11/2019 10:09:34

    Name                                           Base         Top      Size
    --------------------------------------- ----------- ----------- ---------
    Segment: CODE                              D:0457A4    D:0457DE       3bh


Module: .\rtl\common\setflag.asm (Library: chelpD.lib) Version: 1:0 10/11/2019 10:09:34

    Name                                           Base         Top      Size
    --------------------------------------- ----------- ----------- ---------
    Segment: CODE                              D:045738    D:045746        fh


Module: .\rtl\common\stoiu.asm (Library: chelpD.lib) Version: 1:0 10/11/2019 10:09:33

    Name                                           Base         Top      Size
    --------------------------------------- ----------- ----------- ---------
    Segment: CODE                              D:0459CA    D:0459CF        6h


Module: .\rtl\common\tolower.c (Library: crtD.lib) Version: 1:0 10/11/2019 10:08:41

    Name                                           Base         Top      Size
    --------------------------------------- ----------- ----------- ---------
    Segment: CODE                              D:04616D    D:04619E       32h


Module: .\rtl\common\uitoa.c (Library: crtSD.lib) Version: 1:0 10/11/2019 10:09:03

    Name                                           Base         Top      Size
    --------------------------------------- ----------- ----------- ---------
    Segment: CODE                              D:045A96    D:045AB7       22h


Module: .\rtl\common\ultoa.c (Library: crtSD.lib) Version: 1:0 10/11/2019 10:09:03

    Name                                           Base         Top      Size
    --------------------------------------- ----------- ----------- ---------
    Segment: CODE                              D:045AB8    D:045D4B      294h


Module: .\rtl\common\ureverse.c (Library: crtD.lib) Version: 1:0 10/11/2019 10:08:43

    Name                                           Base         Top      Size
    --------------------------------------- ----------- ----------- ---------
    Segment: CODE                              D:045FDB    D:046051       77h


Module: .\rtl\common\uuitoa.c (Library: crtSD.lib) Version: 1:0 10/11/2019 10:09:04

    Name                                           Base         Top      Size
    --------------------------------------- ----------- ----------- ---------
    Segment: CODE                              D:045A56    D:045A74       1fh


Module: .\rtl\common\uultoa.c (Library: crtSD.lib) Version: 1:0 10/11/2019 10:09:05

    Name                                           Base         Top      Size
    --------------------------------------- ----------- ----------- ---------
    Segment: CODE                              D:04620B    D:0463A3      199h


Module: .\strcat.asm (Library: crtD.lib) Version: 1:0 10/11/2019 10:08:44

    Name                                           Base         Top      Size
    --------------------------------------- ----------- ----------- ---------
    Segment: CODE                              D:0461E6    D:04620A       25h


Module: .\strcmp.asm (Library: crtD.lib) Version: 1:0 10/11/2019 10:08:44

    Name                                           Base         Top      Size
    --------------------------------------- ----------- ----------- ---------
    Segment: CODE                              D:045992    D:0459AE       1dh


Module: .\strcpy.asm (Library: crtD.lib) Version: 1:0 10/11/2019 10:08:44

    Name                                           Base         Top      Size
    --------------------------------------- ----------- ----------- ---------
    Segment: CODE                              D:046109    D:046122       1ah


Module: .\strlen.asm (Library: crtD.lib) Version: 1:0 10/11/2019 10:08:44

    Name                                           Base         Top      Size
    --------------------------------------- ----------- ----------- ---------
    Segment: CODE                              D:045A41    D:045A55       15h


Module: .\strrchr.asm (Library: crtD.lib) Version: 1:0 10/11/2019 10:08:44

    Name                                           Base         Top      Size
    --------------------------------------- ----------- ----------- ---------
    Segment: CODE                              D:045710    D:04572E       1fh


Module: C:\source\agon-ez80asm\src\init.asm (File: init.obj) Version: 1:0 03/01/2023 16:39:39

    Name                                           Base         Top      Size
    --------------------------------------- ----------- ----------- ---------
    Segment: CODE                              D:040000    D:0400DB       dch
    Segment: DATA                              D:0463F8    D:046427       30h


Module: C:\source\agon-ez80asm\src\mos-interface.asm (File: mos-interface.obj) Version: 1:0 03/01/2023 16:39:39

    Name                                           Base         Top      Size
    --------------------------------------- ----------- ----------- ---------
    Segment: CODE                              D:040341    D:040441      101h
    Segment: DATA                              D:046428    D:046441       1ah

EXTERNAL DEFINITIONS:
=====================

Symbol                               Address Module          Segment
-------------------------------- ----------- --------------- --------------------------------
___maptab                           D:047EF3 maptab          DATA                            
___print_buff                       D:06FC44 print_globals   BSS                             
___print_fmt                        D:06FC52 print_globals   BSS                             
___print_leading_char               D:06FC66 print_globals   BSS                             
___print_len                        D:06FC65 print_globals   BSS                             
___print_out                        D:06FC67 print_globals   BSS                             
___print_putch                      D:0461C8 print_putch     CODE                            
___print_send                       D:045E23 print_send      CODE                            
___print_sendstring                 D:04581D print_putstring CODE                            
___print_sputch                     D:045A16 print_sputch    CODE                            
___print_uputch                     D:0459D0 print_uputch    CODE                            
___print_xputch                     D:047EF0 print_globals   DATA                            
__bstiy                             D:0463EC bstiy           CODE                            
__case8D                            D:0460B7 case8D          CODE                            
__close_periphdevice                D:04570F zsldevinitdummy CODE                            
__filestack                         D:0484BA filestack       BSS                             
__filestackCount                    D:0485C6 filestack       BSS                             
__iand                              D:046142 iand            CODE                            
__icmpzero                          D:045DC5 icmpzero        CODE                            
__idivs                             D:046052 idivs           CODE                            
__idivu                             D:045A75 idivu           CODE                            
__idvrmu                            D:045A7F idivu           CODE                            
__imul_b                            D:0463A4 imulu           CODE                            
__imuls                             D:0463B0 imulu           CODE                            
__imulu                             D:0463B0 imulu           CODE                            
__indcall                           D:046107 indcall         CODE                            
__ineg                              D:04572F ineg            CODE                            
__inot                              D:045988 inot            CODE                            
__ior                               D:0459AF ior             CODE                            
__irems                             D:045747 irems           CODE                            
__iremu                             D:045814 iremu           CODE                            
__ishl                              D:04612B ishl            CODE                            
__ishl_b                            D:046123 ishl            CODE                            
__ishrs                             D:045787 ishrs           CODE                            
__ishrs_b                           D:04577F ishrs           CODE                            
__ishru                             D:046093 ishru           CODE                            
__ishru_b                           D:04608B ishru           CODE                            
__istiy                             D:045808 istiy           CODE                            
__itol                              D:0460B0 itol            CODE                            
__lcmps                             D:0460F1 lcmpu           CODE                            
__lcmpu                             D:0460F1 lcmpu           CODE                            
__lcmpzero                          D:045D59 lcmpzero        CODE                            
__ldivu                             D:045D6D ldivu           CODE                            
__ldvrmu                            D:045D7F ldivu           CODE                            
__len_bss                           000277B0 (User Defined)
__listAddress                       D:06FA9F listing         BSS                             
__listFirstline                     D:047EC5 listing         DATA                            
__listHeader                        D:047EC6 listing         DATA                            
__listLine                          D:06FA1F listing         BSS                             
__listObjectCount                   D:06FBA2 listing         BSS                             
__listObjects                       D:06FAA2 listing         BSS                             
__lneg                              D:045D4C lneg            CODE                            
__low_bss                           000484BA (User Defined)
__lremu                             D:04615D lremu           CODE                            
__lshru                             D:045DA3 lshru           CODE                            
__open_periphdevice                 D:04570F zsldevinitdummy CODE                            
__putch                             D:040341 mos-interface   CODE                            
__scmpzero                          D:046135 scmpzero        CODE                            
__seqcaseD                          D:0457A4 seqcaseD        CODE                            
__setflag                           D:045738 setflag         CODE                            
__sneg                              D:04572F ineg            CODE                            
__snot                              D:045988 inot            CODE                            
__stoiu                             D:0459CA stoiu           CODE                            
__u_itoa                            D:045A96 uitoa           CODE                            
__u_ltoa                            D:045AB8 ultoa           CODE                            
__u_reverse                         D:045FDB ureverse        CODE                            
__u_uitoa                           D:045A56 uuitoa          CODE                            
__u_ultoa                           D:04620B uultoa          CODE                            
_a_match                            D:0430DA instruction     CODE                            
_abs                                D:0459ED abs             CODE                            
_address                            D:048756 globals         BSS                             
_adl_action                         D:0414A1 assemble        CODE                            
_adlmode                            D:04875E globals         BSS                             
_advanceLocalLabel                  D:04047D assemble        CODE                            
_af_match                           D:0433D9 instruction     CODE                            
_agon_fgets                         D:045469 utils           CODE                            
_agon_fputs                         D:045517 utils           CODE                            
_agon_fread                         D:0455E7 utils           CODE                            
_agon_fwrite                        D:045564 utils           CODE                            
_an_next                            D:04888D label           BSS                             
_an_prev                            D:048889 label           BSS                             
_an_return                          D:048891 label           BSS                             
_assemble                           D:042A96 assemble        CODE                            
_b_match                            D:0433A5 instruction     CODE                            
_buffer                             D:06FBA3 listing         BSS                             
_cc_match                           D:042EDC instruction     CODE                            
_cca_match                          D:04354F instruction     CODE                            
_clearLocalLabels                   D:0439D7 label           CODE                            
_close_periphdevice                 D:04570F zsldevinitdummy CODE                            
_closeAllFiles                      D:04529D utils           CODE                            
_consolelist_enabled                D:04874E globals         BSS                             
_currentline                        D:04875F globals         BSS                             
_de_match                           D:0433FB instruction     CODE                            
_debug_enabled                      D:04874D globals         BSS                             
_definelabel                        D:04121B assemble        CODE                            
_emit_16bit                         D:041D0A assemble        CODE                            
_emit_24bit                         D:041D3B assemble        CODE                            
_emit_32bit                         D:041D7B assemble        CODE                            
_emit_8bit                          D:041CB8 assemble        CODE                            
_emit_adlsuffix_code                D:0415D4 assemble        CODE                            
_emit_immediate                     D:04156F assemble        CODE                            
_emit_instruction                   D:041904 assemble        CODE                            
_emit_quotedstring                  D:041E2A assemble        CODE                            
_empty_operand                      D:040442 assemble        CODE                            
_err_str2num                        D:06FC43 str2num         BSS                             
_error                              D:044BDC utils           CODE                            
_filehandle                         D:048747 globals         BSS                             
_filename                           D:0485C7 globals         BSS                             
_filestackCount                     D:042D0B filestack       CODE                            
_filestackInit                      D:042CF8 filestack       CODE                            
_filestackPop                       D:042DA4 filestack       CODE                            
_filestackPush                      D:042D1D filestack       CODE                            
_findGlobalLabel                    D:0440C6 label           CODE                            
_findLabel                          D:044165 label           CODE                            
_findLocalLabel                     D:043A90 label           CODE                            
_findLocalLabelIndex                D:0439F7 label           CODE                            
_get_ddfd_prefix                    D:041635 assemble        CODE                            
_get_escaped_char                   D:041DCE assemble        CODE                            
_get_immediate_size                 D:0414E6 assemble        CODE                            
_getADLsuffix                       D:0412F8 assemble        CODE                            
_getAsciiValue                      D:0404B5 assemble        CODE                            
_getch                              D:040359 mos-interface   CODE                            
_getGlobalLabelCount                D:0438E2 label           CODE                            
_getLabelValue                      D:0405A1 assemble        CODE                            
_getLineToken                       D:044D0B utils           CODE                            
_getLocalLabelCount                 D:0438F4 label           CODE                            
_getOperatorToken                   D:044F46 utils           CODE                            
_getsysvar_cursorX                  D:04037F mos-interface   CODE                            
_getsysvar_cursorY                  D:04038B mos-interface   CODE                            
_getsysvar_scrchar                  D:040397 mos-interface   CODE                            
_global_errors                      D:04875C globals         BSS                             
_globalLabelBuffer                  D:048897 label           BSS                             
_globalLabelBufferIndex             D:069897 label           BSS                             
_globalLabelCounter                 D:06F89B label           BSS                             
_globalLabelTable                   D:06989B label           BSS                             
_handle_asm_adl                     D:0423CF assemble        CODE                            
_handle_asm_align                   D:042770 assemble        CODE                            
_handle_asm_blk                     D:0425B5 assemble        CODE                            
_handle_asm_db                      D:0420AA assemble        CODE                            
_handle_asm_dw                      D:0421BE assemble        CODE                            
_handle_asm_equ                     D:0422EF assemble        CODE                            
_handle_asm_include                 D:0424A7 assemble        CODE                            
_handle_asm_org                     D:042432 assemble        CODE                            
_handle_assembler_command           D:042872 assemble        CODE                            
_hash                               D:042E25 hash            CODE                            
_hl_match                           D:0430FC instruction     CODE                            
_i_match                            D:043383 instruction     CODE                            
_indirect_bc_match                  D:043485 instruction     CODE                            
_indirect_c_match                   D:0434BF instruction     CODE                            
_indirect_de_match                  D:04359C instruction     CODE                            
_indirect_hl_match                  D:043136 instruction     CODE                            
_indirect_ixd_match                 D:0436BE instruction     CODE                            
_indirect_ixy_match                 D:0434F9 instruction     CODE                            
_indirect_ixyd_match                D:042FF1 instruction     CODE                            
_indirect_iyd_match                 D:0436F8 instruction     CODE                            
_indirect_mmn_match                 D:043072 instruction     CODE                            
_indirect_n_match                   D:043451 instruction     CODE                            
_indirect_rr_match                  D:0431C5 instruction     CODE                            
_indirect_sp_match                  D:0432B9 instruction     CODE                            
_initAnonymousLabelTable            D:04395B label           CODE                            
_initGlobalLabelTable               D:043906 label           CODE                            
_initLocalLabelTable                D:04397C label           CODE                            
_insertGlobalLabel                  D:043F6F label           CODE                            
_insertLocalLabel                   D:043D8B label           CODE                            
_instruction_table_lookup           D:04377E instruction     CODE                            
_instructions                       D:047711 instruction     DATA                            
_ir_match                           D:042EF0 instruction     CODE                            
_isdigit                            D:045DD1 isdigit         CODE                            
_isEmpty                            D:044BA8 utils           CODE                            
_isspace                            D:045DFA isspace         CODE                            
_isupper                            D:04619F isupper         CODE                            
_isxdigit                           D:0457DF isxdigit        CODE                            
_ix_match                           D:0435D6 instruction     CODE                            
_ixd_match                          D:04364A instruction     CODE                            
_ixy_match                          D:042F45 instruction     CODE                            
_ixyd_match                         D:042F9B instruction     CODE                            
_iy_match                           D:043610 instruction     CODE                            
_iyd_match                          D:043684 instruction     CODE                            
_linenumber                         D:048750 globals         BSS                             
_lineNumberNeedsReset               D:04874F globals         BSS                             
_listEmit8bit                       D:0445E4 listing         CODE                            
_listEndLine                        D:0442E6 listing         CODE                            
_listInit                           D:044244 listing         CODE                            
_listStartLine                      D:0442B0 listing         CODE                            
_localLabelBuffer                   D:068897 label           BSS                             
_localLabelBufferIndex              D:069899 label           BSS                             
_localLabelCounter                  D:06FA1D label           BSS                             
_localLabelTable                    D:06F89D label           BSS                             
_main                               D:0400DC main            CODE                            
_mb_match                           D:043361 instruction     CODE                            
_message                            D:046442 globals         DATA                            
_mmn_match                          D:04303E instruction     CODE                            
_mos102_setvector_fingerprint       D:046428 mos-interface   DATA                            
_mos_del                            D:040412 mos-interface   CODE                            
_mos_fclose                         D:0403BB mos-interface   CODE                            
_mos_feof                           D:0403FD mos-interface   CODE                            
_mos_fgetc                          D:0403D0 mos-interface   CODE                            
_mos_fopen                          D:0403A3 mos-interface   CODE                            
_mos_fputc                          D:0403E5 mos-interface   CODE                            
_mos_save                           D:040427 mos-interface   CODE                            
_n_match                            D:0430A6 instruction     CODE                            
_none_match                         D:042E73 instruction     CODE                            
_notEmpty                           D:044BC2 utils           CODE                            
_nselect_match                      D:04341D instruction     CODE                            
_open_periphdevice                  D:04570F zsldevinitdummy CODE                            
_openFile                           D:0450FC utils           CODE                            
_openfiles                          D:045341 utils           CODE                            
_operand1                           D:048867 globals         BSS                             
_operand2                           D:048876 globals         BSS                             
_operands_adc                       D:0465A1 instruction     DATA                            
_operands_add                       D:046611 instruction     DATA                            
_operands_and                       D:0466A1 instruction     DATA                            
_operands_bit                       D:046741 instruction     DATA                            
_operands_call                      D:046771 instruction     DATA                            
_operands_ccf                       D:046791 instruction     DATA                            
_operands_cp                        D:0467A1 instruction     DATA                            
_operands_cpd                       D:046841 instruction     DATA                            
_operands_cpdr                      D:046851 instruction     DATA                            
_operands_cpi                       D:046861 instruction     DATA                            
_operands_cpir                      D:046871 instruction     DATA                            
_operands_cpl                       D:046881 instruction     DATA                            
_operands_daa                       D:046891 instruction     DATA                            
_operands_dec                       D:0468A1 instruction     DATA                            
_operands_di                        D:046911 instruction     DATA                            
_operands_djnz                      D:046921 instruction     DATA                            
_operands_ei                        D:046931 instruction     DATA                            
_operands_ex                        D:046941 instruction     DATA                            
_operands_exx                       D:046981 instruction     DATA                            
_operands_halt                      D:046991 instruction     DATA                            
_operands_im                        D:0469A1 instruction     DATA                            
_operands_in                        D:0469B1 instruction     DATA                            
_operands_in0                       D:0469E1 instruction     DATA                            
_operands_inc                       D:0469F1 instruction     DATA                            
_operands_ind                       D:046A61 instruction     DATA                            
_operands_ind2                      D:046A71 instruction     DATA                            
_operands_ind2r                     D:046A81 instruction     DATA                            
_operands_indm                      D:046A91 instruction     DATA                            
_operands_indmr                     D:046AA1 instruction     DATA                            
_operands_indr                      D:046AB1 instruction     DATA                            
_operands_indrx                     D:046AC1 instruction     DATA                            
_operands_ini                       D:046AD1 instruction     DATA                            
_operands_ini2                      D:046AE1 instruction     DATA                            
_operands_ini2r                     D:046AF1 instruction     DATA                            
_operands_inim                      D:046B01 instruction     DATA                            
_operands_inimr                     D:046B11 instruction     DATA                            
_operands_inir                      D:046B21 instruction     DATA                            
_operands_inirx                     D:046B31 instruction     DATA                            
_operands_jp                        D:046B41 instruction     DATA                            
_operands_jr                        D:046B81 instruction     DATA                            
_operands_ld                        D:046BA1 instruction     DATA                            
_operands_ldd                       D:046F31 instruction     DATA                            
_operands_lddr                      D:046F41 instruction     DATA                            
_operands_ldi                       D:046F51 instruction     DATA                            
_operands_ldir                      D:046F61 instruction     DATA                            
_operands_lea                       D:046F71 instruction     DATA                            
_operands_mlt                       D:046FD1 instruction     DATA                            
_operands_neg                       D:046FF1 instruction     DATA                            
_operands_nop                       D:047001 instruction     DATA                            
_operands_or                        D:047011 instruction     DATA                            
_operands_otd2r                     D:0470B1 instruction     DATA                            
_operands_otdm                      D:0470C1 instruction     DATA                            
_operands_otdmr                     D:0470D1 instruction     DATA                            
_operands_otdr                      D:0470E1 instruction     DATA                            
_operands_otdrx                     D:0470F1 instruction     DATA                            
_operands_oti2r                     D:047101 instruction     DATA                            
_operands_otim                      D:047111 instruction     DATA                            
_operands_otimr                     D:047121 instruction     DATA                            
_operands_otir                      D:047131 instruction     DATA                            
_operands_otirx                     D:047141 instruction     DATA                            
_operands_out                       D:047151 instruction     DATA                            
_operands_out0                      D:047181 instruction     DATA                            
_operands_outd                      D:047191 instruction     DATA                            
_operands_outd2                     D:0471A1 instruction     DATA                            
_operands_outi                      D:0471B1 instruction     DATA                            
_operands_outi2                     D:0471C1 instruction     DATA                            
_operands_pea                       D:0471D1 instruction     DATA                            
_operands_pop                       D:0471F1 instruction     DATA                            
_operands_push                      D:047221 instruction     DATA                            
_operands_res                       D:047251 instruction     DATA                            
_operands_ret                       D:047281 instruction     DATA                            
_operands_reti                      D:0472A1 instruction     DATA                            
_operands_retn                      D:0472B1 instruction     DATA                            
_operands_rl                        D:0472C1 instruction     DATA                            
_operands_rla                       D:0472F1 instruction     DATA                            
_operands_rlc                       D:047301 instruction     DATA                            
_operands_rlca                      D:047331 instruction     DATA                            
_operands_rld                       D:047341 instruction     DATA                            
_operands_rr                        D:047351 instruction     DATA                            
_operands_rra                       D:047381 instruction     DATA                            
_operands_rrc                       D:047391 instruction     DATA                            
_operands_rrca                      D:0473C1 instruction     DATA                            
_operands_rrd                       D:0473D1 instruction     DATA                            
_operands_rsmix                     D:0473E1 instruction     DATA                            
_operands_rst                       D:0473F1 instruction     DATA                            
_operands_sbc                       D:047401 instruction     DATA                            
_operands_scf                       D:047471 instruction     DATA                            
_operands_set                       D:047481 instruction     DATA                            
_operands_sla                       D:0474B1 instruction     DATA                            
_operands_slp                       D:0474E1 instruction     DATA                            
_operands_sra                       D:0474F1 instruction     DATA                            
_operands_srl                       D:047521 instruction     DATA                            
_operands_stmix                     D:047551 instruction     DATA                            
_operands_sub                       D:047561 instruction     DATA                            
_operands_tst                       D:047601 instruction     DATA                            
_operands_tstio                     D:047661 instruction     DATA                            
_operands_xor                       D:047671 instruction     DATA                            
_output                             D:048885 globals         BSS                             
_parse_asm_keyval_pair              D:041FD8 assemble        CODE                            
_parse_asm_single_immediate         D:041F3C assemble        CODE                            
_parse_operand                      D:040702 assemble        CODE                            
_parseLine                          D:040E1C assemble        CODE                            
_pass                               D:048753 globals         BSS                             
_passInitialize                     D:042A3D assemble        CODE                            
_permittype_matchlist               D:0464BD instruction     DATA                            
_prefix_ddfd_suffix                 D:04166E assemble        CODE                            
_prepare_filenames                  D:0451AF utils           CODE                            
_print_bufferspace                  D:044080 label           CODE                            
_printLocalLabelTable               D:04380D label           CODE                            
_processDelayedLineNumberReset      D:042A73 assemble        CODE                            
_processInstructions                D:04294B assemble        CODE                            
_putch                              D:040341 mos-interface   CODE                            
_r_match                            D:0432F3 instruction     CODE                            
_raeonly_match                      D:043732 instruction     CODE                            
_readAnonymousLabel                 D:043D20 label           CODE                            
_readLocalLabels                    D:043BF0 label           CODE                            
_refreshlocalLabels                 D:0412B6 assemble        CODE                            
_reg_r_match                        D:04333F instruction     CODE                            
_remove_ext                         D:044B22 utils           CODE                            
_reOpenFile                         D:045150 utils           CODE                            
_rr_match                           D:043170 instruction     CODE                            
_rxy_match                          D:04321A instruction     CODE                            
_sp_match                           D:04327F instruction     CODE                            
_split_suffix                       D:044C9C utils           CODE                            
_str2bin                            D:04460C str2num         CODE                            
_str2dec                            D:044724 str2num         CODE                            
_str2hex                            D:044687 str2num         CODE                            
_str2num                            D:0447AB str2num         CODE                            
_strcasecmp                         D:045683 utils           CODE                            
_strcat                             D:0461E6 strcat          CODE                            
_strcmp                             D:045992 strcmp          CODE                            
_strcpy                             D:046109 strcpy          CODE                            
_strlen                             D:045A41 strlen          CODE                            
_strrchr                            D:045710 strrchr         CODE                            
_tolower                            D:04616D tolower         CODE                            
_totalsize                          D:048759 globals         BSS                             
_transform_instruction              D:0416DE assemble        CODE                            
_trimRight                          D:044C4E utils           CODE                            
_vdp_bgcolour                       D:040318 vdp             CODE                            
_vdp_cls                            D:040216 vdp             CODE                            
_vdp_colour                         D:040290 vdp             CODE                            
_vdp_cursorGoto                     D:04025E vdp             CODE                            
_vdp_cursorHome                     D:04022E vdp             CODE                            
_vdp_cursorUp                       D:040246 vdp             CODE                            
_vdp_fgcolour                       D:0402EF vdp             CODE                            
_vdp_mode                           D:0401F1 vdp             CODE                            
_waitvblank                         D:04036E mos-interface   CODE                            
_writeAnonymousLabel                D:043CF8 label           CODE                            
_writeLocalLabels                   D:043AD0 label           CODE                            

358 external symbol(s).

SYMBOL CROSS REFERENCE:
=======================
Name                              Use         Module
--------------------------------- ----------- -------------------------
___maptab                         Defined     .\rtl\common\maptab.c
                                  Referenced  .\rtl\common\isxdigit.c
                                  Referenced  .\rtl\common\isdigit.c
                                  Referenced  .\rtl\common\isspace.c
                                  Referenced  .\rtl\common\isupper.c
___print_buff                     Defined     .\rtl\common\print_globals.c
                                  Referenced  .\rtl\common\ultoa.c
                                  Referenced  .\rtl\common\print_send.c
                                  Referenced  .\rtl\common\uultoa.c
___print_fmt                      Defined     .\rtl\common\print_globals.c
                                  Referenced  ..\label.c
                                  Referenced  ..\listing.c
                                  Referenced  .\rtl\common\print_putstring.c
                                  Referenced  .\rtl\common\ultoa.c
                                  Referenced  .\rtl\common\print_send.c
                                  Referenced  .\rtl\common\uultoa.c
___print_leading_char             Defined     .\rtl\common\print_globals.c
                                  Referenced  .\rtl\common\ultoa.c
                                  Referenced  .\rtl\common\print_send.c
___print_len                      Defined     .\rtl\common\print_globals.c
                                  Referenced  .\rtl\common\print_putstring.c
                                  Referenced  .\rtl\common\print_send.c
___print_out                      Defined     .\rtl\common\print_globals.c
                                  Referenced  ..\listing.c
                                  Referenced  .\rtl\common\print_sputch.c
___print_putch                    Defined     .\rtl\common\print_putch.c
                                  Referenced  .\rtl\common\print_putstring.c
                                  Referenced  .\rtl\common\print_send.c
___print_send                     Defined     .\rtl\common\print_send.c
                                  Referenced  .\rtl\common\ultoa.c
                                  Referenced  .\rtl\common\uultoa.c
___print_sendstring               Defined     .\rtl\common\print_putstring.c
                                  Referenced  ..\main.c
                                  Referenced  ..\assemble.c
                                  Referenced  ..\label.c
                                  Referenced  ..\listing.c
                                  Referenced  ..\utils.c
___print_sputch                   Defined     .\rtl\common\print_sputch.c
                                  Referenced  ..\listing.c
                                  Referenced  .\rtl\common\print_globals.c
___print_uputch                   Defined     .\rtl\common\print_uputch.c
                                  Referenced  ..\main.c
                                  Referenced  ..\assemble.c
                                  Referenced  ..\label.c
                                  Referenced  ..\listing.c
                                  Referenced  ..\utils.c
___print_xputch                   Defined     .\rtl\common\print_globals.c
                                  Referenced  ..\main.c
                                  Referenced  ..\assemble.c
                                  Referenced  ..\label.c
                                  Referenced  ..\listing.c
                                  Referenced  ..\utils.c
                                  Referenced  .\rtl\common\print_putch.c
__bstiy                           Defined     .\rtl\common\bstiy.asm
                                  Referenced  ..\utils.c
__case8D                          Defined     .\rtl\common\case8D.asm
                                  Referenced  ..\assemble.c
                                  Referenced  ..\str2num.c
                                  Referenced  ..\utils.c
                                  Referenced  .\rtl\common\ultoa.c
                                  Referenced  .\rtl\common\uultoa.c
__close_periphdevice              Defined     ..\src\boot\common\zsldevinitdummy.asm
__filestack                       Defined     ..\filestack.c
__filestackCount                  Defined     ..\filestack.c
__iand                            Defined     .\rtl\common\iand.asm
                                  Referenced  ..\assemble.c
                                  Referenced  ..\instruction.c
__icmpzero                        Defined     .\rtl\common\icmpzero.asm
                                  Referenced  ..\main.c
                                  Referenced  ..\assemble.c
                                  Referenced  ..\instruction.c
                                  Referenced  ..\label.c
                                  Referenced  ..\listing.c
                                  Referenced  ..\str2num.c
                                  Referenced  ..\utils.c
                                  Referenced  .\rtl\common\abs.c
                                  Referenced  .\rtl\common\tolower.c
__idivs                           Defined     .\rtl\common\idivs.asm
                                  Referenced  ..\listing.c
__idivu                           Defined     .\rtl\common\idivu.asm
                                  Referenced  .\rtl\common\idivs.asm
__idvrmu                          Defined     .\rtl\common\idivu.asm
                                  Referenced  .\rtl\common\iremu.asm
__imul_b                          Defined     .\rtl\common\imulu.asm
                                  Referenced  ..\filestack.c
                                  Referenced  ..\hash.c
                                  Referenced  ..\instruction.c
__imuls                           Defined     .\rtl\common\imulu.asm
__imulu                           Defined     .\rtl\common\imulu.asm
__indcall                         Defined     .\rtl\common\indcall.asm
                                  Referenced  ..\assemble.c
                                  Referenced  .\rtl\common\print_putch.c
__ineg                            Defined     .\rtl\common\ineg.asm
                                  Referenced  .\rtl\common\abs.c
__inot                            Defined     .\rtl\common\inot.asm
                                  Referenced  ..\assemble.c
__ior                             Defined     .\rtl\common\ior.asm
                                  Referenced  ..\str2num.c
__irems                           Defined     .\rtl\common\irems.asm
                                  Referenced  ..\label.c
                                  Referenced  ..\listing.c
__iremu                           Defined     .\rtl\common\iremu.asm
                                  Referenced  ..\hash.c
                                  Referenced  .\rtl\common\irems.asm
__ishl                            Defined     .\rtl\common\ishl.asm
                                  Referenced  ..\assemble.c
__ishl_b                          Defined     .\rtl\common\ishl.asm
__ishrs                           Defined     .\rtl\common\ishrs.asm
                                  Referenced  ..\assemble.c
__ishrs_b                         Defined     .\rtl\common\ishrs.asm
                                  Referenced  ..\assemble.c
                                  Referenced  ..\instruction.c
                                  Referenced  ..\label.c
__ishru                           Defined     .\rtl\common\ishru.asm
__ishru_b                         Defined     .\rtl\common\ishru.asm
                                  Referenced  ..\assemble.c
__istiy                           Defined     .\rtl\common\istiy.asm
                                  Referenced  ..\utils.c
__itol                            Defined     .\rtl\common\itol.asm
                                  Referenced  ..\assemble.c
                                  Referenced  ..\label.c
                                  Referenced  ..\listing.c
                                  Referenced  .\rtl\common\uitoa.c
__lcmps                           Defined     .\rtl\common\lcmpu.asm
__lcmpu                           Defined     .\rtl\common\lcmpu.asm
                                  Referenced  .\rtl\common\ultoa.c
                                  Referenced  .\rtl\common\lcmpzero.asm
__lcmpzero                        Defined     .\rtl\common\lcmpzero.asm
                                  Referenced  .\rtl\common\ultoa.c
                                  Referenced  .\rtl\common\uultoa.c
__ldivu                           Defined     .\rtl\common\ldivu.asm
                                  Referenced  .\rtl\common\ultoa.c
                                  Referenced  .\rtl\common\uultoa.c
__ldvrmu                          Defined     .\rtl\common\ldivu.asm
                                  Referenced  .\rtl\common\lremu.asm
__len_bss                         Defined     LINKER
                                  Referenced  C:\source\agon-ez80asm\src\init.asm
__listAddress                     Defined     ..\listing.c
__listFirstline                   Defined     ..\listing.c
__listHeader                      Defined     ..\listing.c
__listLine                        Defined     ..\listing.c
__listObjectCount                 Defined     ..\listing.c
__listObjects                     Defined     ..\listing.c
__lneg                            Defined     .\rtl\common\lneg.asm
                                  Referenced  .\rtl\common\ultoa.c
__low_bss                         Defined     LINKER
                                  Referenced  C:\source\agon-ez80asm\src\init.asm
__lremu                           Defined     .\rtl\common\lremu.asm
                                  Referenced  .\rtl\common\ultoa.c
                                  Referenced  .\rtl\common\uultoa.c
__lshru                           Defined     .\rtl\common\lshru.asm
                                  Referenced  ..\assemble.c
__open_periphdevice               Defined     ..\src\boot\common\zsldevinitdummy.asm
__putch                           Defined     C:\source\agon-ez80asm\src\mos-interface.asm
__scmpzero                        Defined     .\rtl\common\scmpzero.asm
                                  Referenced  ..\main.c
                                  Referenced  ..\assemble.c
                                  Referenced  ..\label.c
__seqcaseD                        Defined     .\rtl\common\seqcaseD.asm
                                  Referenced  ..\assemble.c
                                  Referenced  ..\str2num.c
                                  Referenced  ..\utils.c
__setflag                         Defined     .\rtl\common\setflag.asm
                                  Referenced  ..\main.c
                                  Referenced  ..\assemble.c
                                  Referenced  ..\instruction.c
                                  Referenced  ..\label.c
                                  Referenced  ..\str2num.c
                                  Referenced  .\rtl\common\print_putstring.c
                                  Referenced  .\rtl\common\abs.c
                                  Referenced  .\rtl\common\ultoa.c
                                  Referenced  .\rtl\common\print_send.c
__sneg                            Defined     .\rtl\common\ineg.asm
                                  Referenced  ..\assemble.c
__snot                            Defined     .\rtl\common\inot.asm
__stoiu                           Defined     .\rtl\common\stoiu.asm
                                  Referenced  ..\assemble.c
                                  Referenced  ..\label.c
__u_itoa                          Defined     .\rtl\common\uitoa.c
                                  Referenced  ..\main.c
                                  Referenced  ..\assemble.c
                                  Referenced  ..\label.c
                                  Referenced  ..\listing.c
                                  Referenced  ..\utils.c
__u_ltoa                          Defined     .\rtl\common\ultoa.c
                                  Referenced  .\rtl\common\uitoa.c
__u_reverse                       Defined     .\rtl\common\ureverse.c
                                  Referenced  .\rtl\common\ultoa.c
                                  Referenced  .\rtl\common\uultoa.c
__u_uitoa                         Defined     .\rtl\common\uuitoa.c
                                  Referenced  ..\label.c
                                  Referenced  ..\listing.c
__u_ultoa                         Defined     .\rtl\common\uultoa.c
                                  Referenced  .\rtl\common\uuitoa.c
_a_match                          Defined     ..\instruction.c
_abs                              Defined     .\rtl\common\abs.c
                                  Referenced  .\rtl\common\print_putstring.c
                                  Referenced  .\rtl\common\print_send.c
_address                          Defined     ..\globals.c
                                  Referenced  ..\assemble.c
                                  Referenced  ..\listing.c
_adl_action                       Defined     ..\assemble.c
_adlmode                          Defined     ..\globals.c
                                  Referenced  ..\assemble.c
_advanceLocalLabel                Defined     ..\assemble.c
_af_match                         Defined     ..\instruction.c
_agon_fgets                       Defined     ..\utils.c
                                  Referenced  ..\assemble.c
_agon_fputs                       Defined     ..\utils.c
                                  Referenced  ..\listing.c
_agon_fread                       Defined     ..\utils.c
                                  Referenced  ..\label.c
_agon_fwrite                      Defined     ..\utils.c
                                  Referenced  ..\assemble.c
                                  Referenced  ..\label.c
_an_next                          Defined     ..\label.c
_an_prev                          Defined     ..\label.c
_an_return                        Defined     ..\label.c
_assemble                         Defined     ..\assemble.c
                                  Referenced  ..\main.c
_b_match                          Defined     ..\instruction.c
_buffer                           Defined     ..\listing.c
_cc_match                         Defined     ..\instruction.c
_cca_match                        Defined     ..\instruction.c
_clearLocalLabels                 Defined     ..\label.c
                                  Referenced  ..\assemble.c
_close_periphdevice               Defined     ..\src\boot\common\zsldevinitdummy.asm
_closeAllFiles                    Defined     ..\utils.c
                                  Referenced  ..\main.c
_consolelist_enabled              Defined     ..\globals.c
                                  Referenced  ..\main.c
                                  Referenced  ..\assemble.c
_currentline                      Defined     ..\globals.c
                                  Referenced  ..\assemble.c
_de_match                         Defined     ..\instruction.c
_debug_enabled                    Defined     ..\globals.c
                                  Referenced  ..\main.c
_definelabel                      Defined     ..\assemble.c
_emit_16bit                       Defined     ..\assemble.c
_emit_24bit                       Defined     ..\assemble.c
_emit_32bit                       Defined     ..\assemble.c
_emit_8bit                        Defined     ..\assemble.c
_emit_adlsuffix_code              Defined     ..\assemble.c
_emit_immediate                   Defined     ..\assemble.c
_emit_instruction                 Defined     ..\assemble.c
_emit_quotedstring                Defined     ..\assemble.c
_empty_operand                    Defined     ..\assemble.c
_err_str2num                      Defined     ..\str2num.c
                                  Referenced  ..\assemble.c
_error                            Defined     ..\utils.c
                                  Referenced  ..\assemble.c
                                  Referenced  ..\filestack.c
                                  Referenced  ..\label.c
                                  Referenced  ..\str2num.c
_filehandle                       Defined     ..\globals.c
                                  Referenced  ..\assemble.c
                                  Referenced  ..\utils.c
_filename                         Defined     ..\globals.c
                                  Referenced  ..\assemble.c
                                  Referenced  ..\utils.c
_filestackCount                   Defined     ..\filestack.c
                                  Referenced  ..\assemble.c
_filestackInit                    Defined     ..\filestack.c
                                  Referenced  ..\assemble.c
_filestackPop                     Defined     ..\filestack.c
                                  Referenced  ..\assemble.c
_filestackPush                    Defined     ..\filestack.c
                                  Referenced  ..\assemble.c
_findGlobalLabel                  Defined     ..\label.c
_findLabel                        Defined     ..\label.c
                                  Referenced  ..\assemble.c
_findLocalLabel                   Defined     ..\label.c
_findLocalLabelIndex              Defined     ..\label.c
_get_ddfd_prefix                  Defined     ..\assemble.c
_get_escaped_char                 Defined     ..\assemble.c
_get_immediate_size               Defined     ..\assemble.c
_getADLsuffix                     Defined     ..\assemble.c
_getAsciiValue                    Defined     ..\assemble.c
_getch                            Defined     C:\source\agon-ez80asm\src\mos-interface.asm
_getGlobalLabelCount              Defined     ..\label.c
                                  Referenced  ..\assemble.c
_getLabelValue                    Defined     ..\assemble.c
_getLineToken                     Defined     ..\utils.c
                                  Referenced  ..\assemble.c
_getLocalLabelCount               Defined     ..\label.c
_getOperatorToken                 Defined     ..\utils.c
                                  Referenced  ..\assemble.c
_getsysvar_cursorX                Defined     C:\source\agon-ez80asm\src\mos-interface.asm
_getsysvar_cursorY                Defined     C:\source\agon-ez80asm\src\mos-interface.asm
_getsysvar_scrchar                Defined     C:\source\agon-ez80asm\src\mos-interface.asm
_global_errors                    Defined     ..\globals.c
                                  Referenced  ..\main.c
                                  Referenced  ..\assemble.c
                                  Referenced  ..\utils.c
_globalLabelBuffer                Defined     ..\label.c
_globalLabelBufferIndex           Defined     ..\label.c
_globalLabelCounter               Defined     ..\label.c
_globalLabelTable                 Defined     ..\label.c
_handle_asm_adl                   Defined     ..\assemble.c
_handle_asm_align                 Defined     ..\assemble.c
_handle_asm_blk                   Defined     ..\assemble.c
_handle_asm_db                    Defined     ..\assemble.c
_handle_asm_dw                    Defined     ..\assemble.c
_handle_asm_equ                   Defined     ..\assemble.c
_handle_asm_include               Defined     ..\assemble.c
_handle_asm_org                   Defined     ..\assemble.c
_handle_assembler_command         Defined     ..\assemble.c
_hash                             Defined     ..\hash.c
                                  Referenced  ..\label.c
_hl_match                         Defined     ..\instruction.c
_i_match                          Defined     ..\instruction.c
_indirect_bc_match                Defined     ..\instruction.c
_indirect_c_match                 Defined     ..\instruction.c
_indirect_de_match                Defined     ..\instruction.c
_indirect_hl_match                Defined     ..\instruction.c
_indirect_ixd_match               Defined     ..\instruction.c
_indirect_ixy_match               Defined     ..\instruction.c
_indirect_ixyd_match              Defined     ..\instruction.c
_indirect_iyd_match               Defined     ..\instruction.c
_indirect_mmn_match               Defined     ..\instruction.c
_indirect_n_match                 Defined     ..\instruction.c
_indirect_rr_match                Defined     ..\instruction.c
_indirect_sp_match                Defined     ..\instruction.c
_initAnonymousLabelTable          Defined     ..\label.c
                                  Referenced  ..\main.c
_initGlobalLabelTable             Defined     ..\label.c
                                  Referenced  ..\main.c
_initLocalLabelTable              Defined     ..\label.c
                                  Referenced  ..\main.c
_insertGlobalLabel                Defined     ..\label.c
                                  Referenced  ..\assemble.c
_insertLocalLabel                 Defined     ..\label.c
                                  Referenced  ..\assemble.c
_instruction_table_lookup         Defined     ..\instruction.c
                                  Referenced  ..\assemble.c
_instructions                     Defined     ..\instruction.c
_ir_match                         Defined     ..\instruction.c
_isdigit                          Defined     .\rtl\common\isdigit.c
                                  Referenced  ..\assemble.c
                                  Referenced  ..\str2num.c
_isEmpty                          Defined     ..\utils.c
                                  Referenced  ..\assemble.c
_isspace                          Defined     .\rtl\common\isspace.c
                                  Referenced  ..\assemble.c
                                  Referenced  ..\utils.c
_isupper                          Defined     .\rtl\common\isupper.c
                                  Referenced  .\rtl\common\tolower.c
_isxdigit                         Defined     .\rtl\common\isxdigit.c
                                  Referenced  ..\str2num.c
_ix_match                         Defined     ..\instruction.c
_ixd_match                        Defined     ..\instruction.c
_ixy_match                        Defined     ..\instruction.c
_ixyd_match                       Defined     ..\instruction.c
_iy_match                         Defined     ..\instruction.c
_iyd_match                        Defined     ..\instruction.c
_linenumber                       Defined     ..\globals.c
                                  Referenced  ..\assemble.c
                                  Referenced  ..\listing.c
                                  Referenced  ..\utils.c
_lineNumberNeedsReset             Defined     ..\globals.c
                                  Referenced  ..\assemble.c
_listEmit8bit                     Defined     ..\listing.c
                                  Referenced  ..\assemble.c
_listEndLine                      Defined     ..\listing.c
                                  Referenced  ..\assemble.c
_listInit                         Defined     ..\listing.c
                                  Referenced  ..\assemble.c
_listStartLine                    Defined     ..\listing.c
                                  Referenced  ..\assemble.c
_localLabelBuffer                 Defined     ..\label.c
_localLabelBufferIndex            Defined     ..\label.c
_localLabelCounter                Defined     ..\label.c
_localLabelTable                  Defined     ..\label.c
_main                             Defined     ..\main.c
                                  Referenced  C:\source\agon-ez80asm\src\init.asm
_mb_match                         Defined     ..\instruction.c
_message                          Defined     ..\globals.c
                                  Referenced  ..\assemble.c
                                  Referenced  ..\filestack.c
                                  Referenced  ..\label.c
                                  Referenced  ..\str2num.c
_mmn_match                        Defined     ..\instruction.c
_mos102_setvector_fingerprint     Defined     C:\source\agon-ez80asm\src\mos-interface.asm
_mos_del                          Defined     C:\source\agon-ez80asm\src\mos-interface.asm
_mos_fclose                       Defined     C:\source\agon-ez80asm\src\mos-interface.asm
                                  Referenced  ..\assemble.c
                                  Referenced  ..\utils.c
_mos_feof                         Defined     C:\source\agon-ez80asm\src\mos-interface.asm
                                  Referenced  ..\utils.c
_mos_fgetc                        Defined     C:\source\agon-ez80asm\src\mos-interface.asm
                                  Referenced  ..\utils.c
_mos_fopen                        Defined     C:\source\agon-ez80asm\src\mos-interface.asm
                                  Referenced  ..\assemble.c
                                  Referenced  ..\utils.c
_mos_fputc                        Defined     C:\source\agon-ez80asm\src\mos-interface.asm
                                  Referenced  ..\utils.c
_mos_save                         Defined     C:\source\agon-ez80asm\src\mos-interface.asm
_n_match                          Defined     ..\instruction.c
_none_match                       Defined     ..\instruction.c
_notEmpty                         Defined     ..\utils.c
                                  Referenced  ..\assemble.c
_nselect_match                    Defined     ..\instruction.c
_open_periphdevice                Defined     ..\src\boot\common\zsldevinitdummy.asm
_openFile                         Defined     ..\utils.c
_openfiles                        Defined     ..\utils.c
                                  Referenced  ..\main.c
_operand1                         Defined     ..\globals.c
                                  Referenced  ..\assemble.c
_operand2                         Defined     ..\globals.c
                                  Referenced  ..\assemble.c
_operands_adc                     Defined     ..\instruction.c
_operands_add                     Defined     ..\instruction.c
_operands_and                     Defined     ..\instruction.c
_operands_bit                     Defined     ..\instruction.c
_operands_call                    Defined     ..\instruction.c
_operands_ccf                     Defined     ..\instruction.c
_operands_cp                      Defined     ..\instruction.c
_operands_cpd                     Defined     ..\instruction.c
_operands_cpdr                    Defined     ..\instruction.c
_operands_cpi                     Defined     ..\instruction.c
_operands_cpir                    Defined     ..\instruction.c
_operands_cpl                     Defined     ..\instruction.c
_operands_daa                     Defined     ..\instruction.c
_operands_dec                     Defined     ..\instruction.c
_operands_di                      Defined     ..\instruction.c
_operands_djnz                    Defined     ..\instruction.c
_operands_ei                      Defined     ..\instruction.c
_operands_ex                      Defined     ..\instruction.c
_operands_exx                     Defined     ..\instruction.c
_operands_halt                    Defined     ..\instruction.c
_operands_im                      Defined     ..\instruction.c
_operands_in                      Defined     ..\instruction.c
_operands_in0                     Defined     ..\instruction.c
_operands_inc                     Defined     ..\instruction.c
_operands_ind                     Defined     ..\instruction.c
_operands_ind2                    Defined     ..\instruction.c
_operands_ind2r                   Defined     ..\instruction.c
_operands_indm                    Defined     ..\instruction.c
_operands_indmr                   Defined     ..\instruction.c
_operands_indr                    Defined     ..\instruction.c
_operands_indrx                   Defined     ..\instruction.c
_operands_ini                     Defined     ..\instruction.c
_operands_ini2                    Defined     ..\instruction.c
_operands_ini2r                   Defined     ..\instruction.c
_operands_inim                    Defined     ..\instruction.c
_operands_inimr                   Defined     ..\instruction.c
_operands_inir                    Defined     ..\instruction.c
_operands_inirx                   Defined     ..\instruction.c
_operands_jp                      Defined     ..\instruction.c
_operands_jr                      Defined     ..\instruction.c
_operands_ld                      Defined     ..\instruction.c
_operands_ldd                     Defined     ..\instruction.c
_operands_lddr                    Defined     ..\instruction.c
_operands_ldi                     Defined     ..\instruction.c
_operands_ldir                    Defined     ..\instruction.c
_operands_lea                     Defined     ..\instruction.c
_operands_mlt                     Defined     ..\instruction.c
_operands_neg                     Defined     ..\instruction.c
_operands_nop                     Defined     ..\instruction.c
_operands_or                      Defined     ..\instruction.c
_operands_otd2r                   Defined     ..\instruction.c
_operands_otdm                    Defined     ..\instruction.c
_operands_otdmr                   Defined     ..\instruction.c
_operands_otdr                    Defined     ..\instruction.c
_operands_otdrx                   Defined     ..\instruction.c
_operands_oti2r                   Defined     ..\instruction.c
_operands_otim                    Defined     ..\instruction.c
_operands_otimr                   Defined     ..\instruction.c
_operands_otir                    Defined     ..\instruction.c
_operands_otirx                   Defined     ..\instruction.c
_operands_out                     Defined     ..\instruction.c
_operands_out0                    Defined     ..\instruction.c
_operands_outd                    Defined     ..\instruction.c
_operands_outd2                   Defined     ..\instruction.c
_operands_outi                    Defined     ..\instruction.c
_operands_outi2                   Defined     ..\instruction.c
_operands_pea                     Defined     ..\instruction.c
_operands_pop                     Defined     ..\instruction.c
_operands_push                    Defined     ..\instruction.c
_operands_res                     Defined     ..\instruction.c
_operands_ret                     Defined     ..\instruction.c
_operands_reti                    Defined     ..\instruction.c
_operands_retn                    Defined     ..\instruction.c
_operands_rl                      Defined     ..\instruction.c
_operands_rla                     Defined     ..\instruction.c
_operands_rlc                     Defined     ..\instruction.c
_operands_rlca                    Defined     ..\instruction.c
_operands_rld                     Defined     ..\instruction.c
_operands_rr                      Defined     ..\instruction.c
_operands_rra                     Defined     ..\instruction.c
_operands_rrc                     Defined     ..\instruction.c
_operands_rrca                    Defined     ..\instruction.c
_operands_rrd                     Defined     ..\instruction.c
_operands_rsmix                   Defined     ..\instruction.c
_operands_rst                     Defined     ..\instruction.c
_operands_sbc                     Defined     ..\instruction.c
_operands_scf                     Defined     ..\instruction.c
_operands_set                     Defined     ..\instruction.c
_operands_sla                     Defined     ..\instruction.c
_operands_slp                     Defined     ..\instruction.c
_operands_sra                     Defined     ..\instruction.c
_operands_srl                     Defined     ..\instruction.c
_operands_stmix                   Defined     ..\instruction.c
_operands_sub                     Defined     ..\instruction.c
_operands_tst                     Defined     ..\instruction.c
_operands_tstio                   Defined     ..\instruction.c
_operands_xor                     Defined     ..\instruction.c
_output                           Defined     ..\globals.c
                                  Referenced  ..\assemble.c
_parse_asm_keyval_pair            Defined     ..\assemble.c
_parse_asm_single_immediate       Defined     ..\assemble.c
_parse_operand                    Defined     ..\assemble.c
_parseLine                        Defined     ..\assemble.c
_pass                             Defined     ..\globals.c
                                  Referenced  ..\assemble.c
_passInitialize                   Defined     ..\assemble.c
_permittype_matchlist             Defined     ..\instruction.c
                                  Referenced  ..\assemble.c
_prefix_ddfd_suffix               Defined     ..\assemble.c
_prepare_filenames                Defined     ..\utils.c
                                  Referenced  ..\main.c
_print_bufferspace                Defined     ..\label.c
_printLocalLabelTable             Defined     ..\label.c
_processDelayedLineNumberReset    Defined     ..\assemble.c
_processInstructions              Defined     ..\assemble.c
_putch                            Defined     C:\source\agon-ez80asm\src\mos-interface.asm
                                  Referenced  ..\vdp.c
                                  Referenced  .\rtl\common\print_uputch.c
_r_match                          Defined     ..\instruction.c
_raeonly_match                    Defined     ..\instruction.c
_readAnonymousLabel               Defined     ..\label.c
                                  Referenced  ..\assemble.c
_readLocalLabels                  Defined     ..\label.c
                                  Referenced  ..\assemble.c
_refreshlocalLabels               Defined     ..\assemble.c
_reg_r_match                      Defined     ..\instruction.c
_remove_ext                       Defined     ..\utils.c
_reOpenFile                       Defined     ..\utils.c
                                  Referenced  ..\assemble.c
_rr_match                         Defined     ..\instruction.c
_rxy_match                        Defined     ..\instruction.c
_sp_match                         Defined     ..\instruction.c
_split_suffix                     Defined     ..\utils.c
                                  Referenced  ..\assemble.c
_str2bin                          Defined     ..\str2num.c
_str2dec                          Defined     ..\str2num.c
_str2hex                          Defined     ..\str2num.c
_str2num                          Defined     ..\str2num.c
                                  Referenced  ..\assemble.c
_strcasecmp                       Defined     ..\utils.c
                                  Referenced  ..\assemble.c
                                  Referenced  ..\instruction.c
_strcat                           Defined     .\strcat.asm
                                  Referenced  ..\utils.c
_strcmp                           Defined     .\strcmp.asm
                                  Referenced  ..\main.c
                                  Referenced  ..\assemble.c
                                  Referenced  ..\label.c
_strcpy                           Defined     .\strcpy.asm
                                  Referenced  ..\assemble.c
                                  Referenced  ..\filestack.c
                                  Referenced  ..\label.c
                                  Referenced  ..\listing.c
                                  Referenced  ..\utils.c
_strlen                           Defined     .\strlen.asm
                                  Referenced  ..\assemble.c
                                  Referenced  ..\label.c
                                  Referenced  ..\str2num.c
                                  Referenced  .\strrchr.asm
                                  Referenced  .\rtl\common\print_putstring.c
                                  Referenced  .\rtl\common\print_send.c
                                  Referenced  .\rtl\common\ureverse.c
                                  Referenced  .\strcpy.asm
_strrchr                          Defined     .\strrchr.asm
                                  Referenced  ..\utils.c
_tolower                          Defined     .\rtl\common\tolower.c
                                  Referenced  ..\assemble.c
                                  Referenced  ..\str2num.c
                                  Referenced  ..\utils.c
_totalsize                        Defined     ..\globals.c
                                  Referenced  ..\main.c
                                  Referenced  ..\assemble.c
_transform_instruction            Defined     ..\assemble.c
_trimRight                        Defined     ..\utils.c
                                  Referenced  ..\listing.c
_vdp_bgcolour                     Defined     ..\vdp.c
_vdp_cls                          Defined     ..\vdp.c
_vdp_colour                       Defined     ..\vdp.c
_vdp_cursorGoto                   Defined     ..\vdp.c
_vdp_cursorHome                   Defined     ..\vdp.c
_vdp_cursorUp                     Defined     ..\vdp.c
_vdp_fgcolour                     Defined     ..\vdp.c
_vdp_mode                         Defined     ..\vdp.c
_waitvblank                       Defined     C:\source\agon-ez80asm\src\mos-interface.asm
_writeAnonymousLabel              Defined     ..\label.c
                                  Referenced  ..\assemble.c
_writeLocalLabels                 Defined     ..\label.c
                                  Referenced  ..\assemble.c

OUTPUT CHECKSUM
===============
ez80asm.hex          300549
ez80asm.lod          300549



END OF LINK MAP:
================
0 Errors
0 Warnings
